203.0.113.200 - - [06/Oct/2017:22:19:52 -0700] "GET /robots.txt HTTP/1.1" 404 495 "-" "Mozilla/5.0 (compatible; DotBot/1.1; http://www.opensiteexplorer.org/dotbot, help@moz.com)"
203.0.113.22 - - [06/Oct/2017:22:19:56 -0700] "GET / HTTP/1.1" 301 415 "-" "Mozilla/5.0 (Windows NT 10.0; Win64; x64) AppleWebKit/537.36 (KHTML, like Gecko) Chrome/56.0.2924.87 Safari/537.36"
203.0.113.22 - - [06/Oct/2017:22:19:57 -0700] "GET / HTTP/1.1" 200 2990 "-" "Mozilla/5.0 (Windows NT 10.0; Win64; x64) AppleWebKit/537.36 (KHTML, like Gecko) Chrome/56.0.2924.87 Safari/537.36"
203.0.113.69 - - [06/Oct/2017:22:21:21 -0700] "GET /robots.txt HTTP/1.0" 404 514 "-" "Mozilla/5.0 (compatible; Linux x86_64; Mail.RU_Bot/2.0; +http://go.mail.ru/help/robots)"
203.0.113.227 - - [06/Oct/2017:22:21:22 -0700] "GET /about/ HTTP/1.1" 200 2486 "-" "Mozilla/5.0 (compatible; Linux x86_64; Mail.RU_Bot/2.0; +http://go.mail.ru/help/robots)"
203.0.113.30 - - [06/Oct/2017:22:31:21 -0700] "GET / HTTP/1.1" 200 2990 "-" "Mozilla/5.0 (Windows NT 10.0; Win64; x64) AppleWebKit/537.36 (KHTML, like Gecko) Chrome/56.0.2924.87 Safari/537.36"
203.0.113.235 - - [06/Oct/2017:22:34:45 -0700] "GET /wp-login.php HTTP/1.1" 301 510 "-" "Mozilla/5.0 (Windows NT 6.1; WOW64; rv:40.0) Gecko/20100101 Firefox/40.1"
203.0.113.235 - - [06/Oct/2017:22:34:46 -0700] "GET /wp-login.php HTTP/1.1" 404 553 "-" "Mozilla/5.0 (Windows NT 6.1; WOW64; rv:40.0) Gecko/20100101 Firefox/40.1"
203.0.113.235 - - [06/Oct/2017:22:34:46 -0700] "GET / HTTP/1.1" 301 485 "-" "Mozilla/5.0 (Windows NT 6.1; WOW64; rv:40.0) Gecko/20100101 Firefox/40.1"
203.0.113.235 - - [06/Oct/2017:22:34:46 -0700] "GET / HTTP/1.1" 200 11114 "-" "Mozilla/5.0 (Windows NT 6.1; WOW64; rv:40.0) Gecko/20100101 Firefox/40.1"
203.0.113.201 - - [06/Oct/2017:22:39:42 -0700] "GET / HTTP/1.1" 200 2990 "-" "Mozilla/5.0 (Windows NT 6.3; WOW64) AppleWebKit/537.36 (KHTML, like Gecko) Chrome/34.0.1847.137 Safari/537.36"
203.0.113.50 - - [06/Oct/2017:22:48:33 -0700] "GET /wp-login.php HTTP/1.1" 301 510 "-" "Mozilla/5.0 (Windows NT 6.1; WOW64; rv:40.0) Gecko/20100101 Firefox/40.1"
203.0.113.50 - - [06/Oct/2017:22:48:34 -0700] "GET /wp-login.php HTTP/1.1" 404 553 "-" "Mozilla/5.0 (Windows NT 6.1; WOW64; rv:40.0) Gecko/20100101 Firefox/40.1"
203.0.113.50 - - [06/Oct/2017:22:48:34 -0700] "GET / HTTP/1.1" 301 485 "-" "Mozilla/5.0 (Windows NT 6.1; WOW64; rv:40.0) Gecko/20100101 Firefox/40.1"
203.0.113.50 - - [06/Oct/2017:22:48:35 -0700] "GET / HTTP/1.1" 200 11114 "-" "Mozilla/5.0 (Windows NT 6.1; WOW64; rv:40.0) Gecko/20100101 Firefox/40.1"
203.0.113.227 - - [06/Oct/2017:22:55:40 -0700] "GET /howto/achieve-the-possimpible/ HTTP/1.1" 301 466 "-" "Mozilla/5.0 (Windows NT 10.0; WOW64) AppleWebKit/537.36 (KHTML, like Gecko) Chrome/45.0.2454.93 Safari/537.36"
203.0.113.162 - - [06/Oct/2017:22:55:40 -0700] "GET /howto/achieve-the-possimpible/ HTTP/1.1" 200 2677 "-" "Mozilla/5.0 (Windows NT 10.0; WOW64) AppleWebKit/537.36 (KHTML, like Gecko) Chrome/45.0.2454.93 Safari/537.36"
203.0.113.112 - - [06/Oct/2017:22:55:49 -0700] "GET / HTTP/1.1" 301 434 "-" "Mozilla/5.0 (Windows NT 10.0; WOW64) AppleWebKit/537.36 (KHTML, like Gecko) Chrome/45.0.2454.93 Safari/537.36"
203.0.113.121 - - [06/Oct/2017:22:55:49 -0700] "GET / HTTP/1.1" 200 3009 "-" "Mozilla/5.0 (Windows NT 10.0; WOW64) AppleWebKit/537.36 (KHTML, like Gecko) Chrome/45.0.2454.93 Safari/537.36"
203.0.113.84 - - [06/Oct/2017:23:01:31 -0700] "GET /wp-login.php HTTP/1.1" 301 510 "-" "Mozilla/5.0 (Windows NT 6.1; WOW64; rv:40.0) Gecko/20100101 Firefox/40.1"
203.0.113.84 - - [06/Oct/2017:23:01:31 -0700] "GET /wp-login.php HTTP/1.1" 404 553 "-" "Mozilla/5.0 (Windows NT 6.1; WOW64; rv:40.0) Gecko/20100101 Firefox/40.1"
203.0.113.84 - - [06/Oct/2017:23:01:31 -0700] "GET / HTTP/1.1" 301 485 "-" "Mozilla/5.0 (Windows NT 6.1; WOW64; rv:40.0) Gecko/20100101 Firefox/40.1"
203.0.113.84 - - [06/Oct/2017:23:01:31 -0700] "GET / HTTP/1.1" 200 11114 "-" "Mozilla/5.0 (Windows NT 6.1; WOW64; rv:40.0) Gecko/20100101 Firefox/40.1"
203.0.113.95 - - [06/Oct/2017:23:02:23 -0700] "GET / HTTP/1.1" 301 434 "-" "Mozilla/5.0 (compatible; Baiduspider/2.0; +http://www.baidu.com/search/spider.html)"
203.0.113.102 - - [06/Oct/2017:23:02:23 -0700] "GET /howto/achieve-the-possimpible/ HTTP/1.1" 301 466 "-" "Mozilla/5.0 (compatible; Baiduspider/2.0; +http://www.baidu.com/search/spider.html)"
203.0.113.181 - - [06/Oct/2017:23:02:23 -0700] "GET / HTTP/1.1" 200 3009 "-" "Mozilla/5.0 (compatible; Baiduspider/2.0; +http://www.baidu.com/search/spider.html)"
203.0.113.87 - - [06/Oct/2017:23:02:23 -0700] "GET /howto/achieve-the-possimpible/ HTTP/1.1" 200 2677 "-" "Mozilla/5.0 (compatible; Baiduspider/2.0; +http://www.baidu.com/search/spider.html)"
203.0.113.190 - - [06/Oct/2017:23:17:24 -0700] "GET / HTTP/1.1" 301 434 "-" "Mozilla/5.0 (Windows; U; Windows NT 6.1; en-US) AppleWebKit/534.16 (KHTML, like Gecko) Chrome/10.0.648.133 Safari/534.16"
203.0.113.190 - - [06/Oct/2017:23:17:31 -0700] "GET / HTTP/1.1" 200 3009 "-" "Mozilla/5.0 (Windows; U; Windows NT 6.1; en-US) AppleWebKit/534.16 (KHTML, like Gecko) Chrome/10.0.648.133 Safari/534.16"
203.0.113.200 - - [06/Oct/2017:23:18:55 -0700] "GET /support/index.html HTTP/1.1" 301 466 "-" "Mozilla/5.0 (compatible; DotBot/1.1; http://www.opensiteexplorer.org/dotbot, help@moz.com)"
203.0.113.78 - - [06/Oct/2017:23:23:57 -0700] "GET / HTTP/1.1" 304 152 "-" "Sogou web spider/4.0(+http://www.sogou.com/docs/help/webmasters.htm#07)"
203.0.113.141 - - [06/Oct/2017:23:45:53 -0700] "GET /resources/handbook/ HTTP/1.1" 301 480 "-" "Mozilla/5.0 (compatible; Baiduspider/2.0; +http://www.baidu.com/search/spider.html)"
203.0.113.31 - - [06/Oct/2017:23:45:53 -0700] "GET /resources/handbook/ HTTP/1.1" 200 4065 "-" "Mozilla/5.0 (compatible; Baiduspider/2.0; +http://www.baidu.com/search/spider.html)"
203.0.113.200 - - [06/Oct/2017:23:52:16 -0700] "GET /robots.txt HTTP/1.1" 404 495 "-" "Mozilla/5.0 (compatible; DotBot/1.1; http://www.opensiteexplorer.org/dotbot, help@moz.com)"
203.0.113.230 - - [06/Oct/2017:23:56:23 -0700] "GET /wp-login.php HTTP/1.1" 301 510 "-" "Mozilla/5.0 (Windows NT 6.1; WOW64; rv:40.0) Gecko/20100101 Firefox/40.1"
203.0.113.230 - - [06/Oct/2017:23:56:24 -0700] "GET /wp-login.php HTTP/1.1" 404 553 "-" "Mozilla/5.0 (Windows NT 6.1; WOW64; rv:40.0) Gecko/20100101 Firefox/40.1"
203.0.113.230 - - [06/Oct/2017:23:56:25 -0700] "GET / HTTP/1.1" 301 485 "-" "Mozilla/5.0 (Windows NT 6.1; WOW64; rv:40.0) Gecko/20100101 Firefox/40.1"
203.0.113.230 - - [06/Oct/2017:23:56:25 -0700] "GET / HTTP/1.1" 200 11114 "-" "Mozilla/5.0 (Windows NT 6.1; WOW64; rv:40.0) Gecko/20100101 Firefox/40.1"
203.0.113.89 - - [07/Oct/2017:00:07:43 -0700] "GET /wp-login.php HTTP/1.1" 301 510 "-" "Mozilla/5.0 (Windows NT 6.1; WOW64; rv:40.0) Gecko/20100101 Firefox/40.1"
203.0.113.89 - - [07/Oct/2017:00:07:44 -0700] "GET /wp-login.php HTTP/1.1" 404 553 "-" "Mozilla/5.0 (Windows NT 6.1; WOW64; rv:40.0) Gecko/20100101 Firefox/40.1"
203.0.113.89 - - [07/Oct/2017:00:07:45 -0700] "GET / HTTP/1.1" 301 485 "-" "Mozilla/5.0 (Windows NT 6.1; WOW64; rv:40.0) Gecko/20100101 Firefox/40.1"
203.0.113.89 - - [07/Oct/2017:00:07:45 -0700] "GET / HTTP/1.1" 200 11114 "-" "Mozilla/5.0 (Windows NT 6.1; WOW64; rv:40.0) Gecko/20100101 Firefox/40.1"
203.0.113.200 - - [07/Oct/2017:00:27:47 -0700] "GET / HTTP/1.1" 200 11059 "-" "Mozilla/5.0 (compatible; DotBot/1.1; http://www.opensiteexplorer.org/dotbot, help@moz.com)"
203.0.113.234 - - [07/Oct/2017:00:27:48 -0700] "GET /wp-login.php HTTP/1.1" 404 553 "-" "Mozilla/5.0 (Windows NT 6.1; WOW64; rv:40.0) Gecko/20100101 Firefox/40.1"
203.0.113.234 - - [07/Oct/2017:00:27:49 -0700] "GET / HTTP/1.1" 200 11114 "-" "Mozilla/5.0 (Windows NT 6.1; WOW64; rv:40.0) Gecko/20100101 Firefox/40.1"
203.0.113.105 - - [07/Oct/2017:00:28:00 -0700] "GET /wp-login.php HTTP/1.1" 301 510 "-" "Mozilla/5.0 (Windows NT 6.1; WOW64; rv:40.0) Gecko/20100101 Firefox/40.1"
203.0.113.105 - - [07/Oct/2017:00:28:01 -0700] "GET /wp-login.php HTTP/1.1" 404 553 "-" "Mozilla/5.0 (Windows NT 6.1; WOW64; rv:40.0) Gecko/20100101 Firefox/40.1"
203.0.113.105 - - [07/Oct/2017:00:28:01 -0700] "GET / HTTP/1.1" 301 485 "-" "Mozilla/5.0 (Windows NT 6.1; WOW64; rv:40.0) Gecko/20100101 Firefox/40.1"
203.0.113.105 - - [07/Oct/2017:00:28:01 -0700] "GET / HTTP/1.1" 200 11114 "-" "Mozilla/5.0 (Windows NT 6.1; WOW64; rv:40.0) Gecko/20100101 Firefox/40.1"
203.0.113.32 - - [07/Oct/2017:00:49:32 -0700] "GET /resources/ HTTP/1.1" 200 7221 "-" "Mozilla/5.0 (compatible; Baiduspider/2.0; +http://www.baidu.com/search/spider.html)"
203.0.113.239 - - [07/Oct/2017:01:12:52 -0700] "GET /wp-login.php HTTP/1.1" 301 510 "-" "Mozilla/5.0 (Windows NT 6.1; WOW64; rv:40.0) Gecko/20100101 Firefox/40.1"
203.0.113.239 - - [07/Oct/2017:01:12:53 -0700] "GET /wp-login.php HTTP/1.1" 404 553 "-" "Mozilla/5.0 (Windows NT 6.1; WOW64; rv:40.0) Gecko/20100101 Firefox/40.1"
203.0.113.239 - - [07/Oct/2017:01:12:53 -0700] "GET / HTTP/1.1" 301 485 "-" "Mozilla/5.0 (Windows NT 6.1; WOW64; rv:40.0) Gecko/20100101 Firefox/40.1"
203.0.113.239 - - [07/Oct/2017:01:12:53 -0700] "GET / HTTP/1.1" 200 11114 "-" "Mozilla/5.0 (Windows NT 6.1; WOW64; rv:40.0) Gecko/20100101 Firefox/40.1"
203.0.113.45 - - [07/Oct/2017:01:13:14 -0700] "GET /blogs/wp-login.php HTTP/1.1" 301 466 "-" "Mozilla/5.0 (Windows NT 6.1; Win64; x64) AppleWebKit/537.36 (KHTML, like Gecko) Chrome/61.0.3163.100 Safari/537.36"
203.0.113.45 - - [07/Oct/2017:01:13:15 -0700] "GET /blogs/wp-login.php HTTP/1.1" 404 503 "-" "Mozilla/5.0 (Windows NT 6.1; Win64; x64) AppleWebKit/537.36 (KHTML, like Gecko) Chrome/61.0.3163.100 Safari/537.36"
203.0.113.54 - - [07/Oct/2017:01:16:54 -0700] "GET / HTTP/1.1" 301 415 "-" "Mozilla/5.0 (Windows NT 10.0; Win64; x64) AppleWebKit/537.36 (KHTML, like Gecko) Chrome/56.0.2924.87 Safari/537.36"
203.0.113.54 - - [07/Oct/2017:01:17:01 -0700] "GET / HTTP/1.1" 200 2990 "-" "Mozilla/5.0 (Windows NT 10.0; Win64; x64) AppleWebKit/537.36 (KHTML, like Gecko) Chrome/56.0.2924.87 Safari/537.36"
203.0.113.54 - - [07/Oct/2017:01:28:12 -0700] "GET / HTTP/1.1" 200 2990 "-" "Mozilla/5.0 (Windows NT 10.0; Win64; x64) AppleWebKit/537.36 (KHTML, like Gecko) Chrome/56.0.2924.87 Safari/537.36"
203.0.113.222 - - [07/Oct/2017:01:28:51 -0700] "GET / HTTP/1.1" 200 11104 "-" "Mozilla/4.0 (compatible; MSIE 7.0; Windows NT 5.1)"
203.0.113.45 - - [07/Oct/2017:01:32:34 -0700] "GET /new/wp-login.php HTTP/1.1" 301 462 "-" "Mozilla/5.0 (Windows NT 6.1; Win64; x64) AppleWebKit/537.36 (KHTML, like Gecko) Chrome/61.0.3163.100 Safari/537.36"
203.0.113.45 - - [07/Oct/2017:01:32:35 -0700] "GET /new/wp-login.php HTTP/1.1" 404 501 "-" "Mozilla/5.0 (Windows NT 6.1; Win64; x64) AppleWebKit/537.36 (KHTML, like Gecko) Chrome/61.0.3163.100 Safari/537.36"
203.0.113.45 - - [07/Oct/2017:01:36:21 -0700] "GET /cms/wp-login.php HTTP/1.1" 404 501 "-" "Mozilla/5.0 (Windows NT 6.1; Win64; x64) AppleWebKit/537.36 (KHTML, like Gecko) Chrome/61.0.3163.100 Safari/537.36"
203.0.113.45 - - [07/Oct/2017:01:43:44 -0700] "GET /wp/wp-login.php HTTP/1.1" 404 500 "-" "Mozilla/5.0 (Windows NT 6.1; Win64; x64) AppleWebKit/537.36 (KHTML, like Gecko) Chrome/61.0.3163.100 Safari/537.36"
203.0.113.45 - - [07/Oct/2017:01:46:04 -0700] "GET /blog/wp-login.php HTTP/1.1" 404 502 "-" "Mozilla/5.0 (Windows NT 6.1; Win64; x64) AppleWebKit/537.36 (KHTML, like Gecko) Chrome/61.0.3163.100 Safari/537.36"
203.0.113.45 - - [07/Oct/2017:01:46:30 -0700] "GET /cms/wp-login.php HTTP/1.1" 301 462 "-" "Mozilla/5.0 (Windows NT 6.1; Win64; x64) AppleWebKit/537.36 (KHTML, like Gecko) Chrome/61.0.3163.100 Safari/537.36"
203.0.113.45 - - [07/Oct/2017:01:46:30 -0700] "GET /cms/wp-login.php HTTP/1.1" 404 501 "-" "Mozilla/5.0 (Windows NT 6.1; Win64; x64) AppleWebKit/537.36 (KHTML, like Gecko) Chrome/61.0.3163.100 Safari/537.36"
203.0.113.23 - - [07/Oct/2017:01:49:44 -0700] "GET / HTTP/1.1" 200 11104 "-" "Mozilla/4.0 (compatible; MSIE 7.0; Windows NT 5.1)"
203.0.113.178 - - [07/Oct/2017:01:51:54 -0700] "GET / HTTP/1.1" 301 471 "http://www.awesomeco.com/" "Mozilla/5.0 (Windows NT 6.1; WOW64) AppleWebKit/537.36 (KHTML, like Gecko) Chrome/50.0.2661.102 Safari/537.36; 360Spider"
203.0.113.178 - - [07/Oct/2017:01:51:54 -0700] "GET / HTTP/1.1" 200 3046 "http://awesomeco.com/" "Mozilla/5.0 (Windows NT 6.1; WOW64) AppleWebKit/537.36 (KHTML, like Gecko) Chrome/50.0.2661.102 Safari/537.36; 360Spider"
203.0.113.178 - - [07/Oct/2017:01:51:54 -0700] "GET / HTTP/1.1" 200 3045 "http://awesomeco.com/" "Mozilla/5.0 (Windows NT 6.1; WOW64) AppleWebKit/537.36 (KHTML, like Gecko) Chrome/50.0.2661.102 Safari/537.36; 360Spider"
203.0.113.142 - - [07/Oct/2017:02:05:53 -0700] "GET / HTTP/1.1" 200 3046 "https://www.foxweber.com" "Mozilla/5.0 (iPhone; CPU iPhone OS 10_2_1 like Mac OS X) AppleWebKit/602.4.6 (KHTML, like Gecko) Version/10.0 Mobile/14D27 Safari/602.1"
203.0.113.99 - - [07/Oct/2017:02:23:42 -0700] "GET /robots.txt HTTP/1.1" 404 457 "-" "Mozilla/5.0 (compatible; SemrushBot/1.2~bl; +http://www.semrush.com/bot.html)"
203.0.113.99 - - [07/Oct/2017:02:23:57 -0700] "GET /robots.txt HTTP/1.1" 404 457 "-" "Mozilla/5.0 (compatible; SemrushBot/1.2~bl; +http://www.semrush.com/bot.html)"
203.0.113.47 - - [07/Oct/2017:02:27:15 -0700] "GET /robots.txt HTTP/1.1" 404 551 "-" "Mozilla/5.0 (compatible; YandexBot/3.0; +http://yandex.com/bots)"
203.0.113.47 - - [07/Oct/2017:02:27:19 -0700] "GET / HTTP/1.1" 200 3046 "-" "Mozilla/5.0 (compatible; YandexBot/3.0; +http://yandex.com/bots)"
203.0.113.168 - - [07/Oct/2017:02:38:46 -0700] "GET /wp-login.php HTTP/1.1" 301 510 "-" "Mozilla/5.0 (Windows NT 6.1; WOW64; rv:40.0) Gecko/20100101 Firefox/40.1"
203.0.113.168 - - [07/Oct/2017:02:38:47 -0700] "GET /wp-login.php HTTP/1.1" 404 553 "-" "Mozilla/5.0 (Windows NT 6.1; WOW64; rv:40.0) Gecko/20100101 Firefox/40.1"
203.0.113.168 - - [07/Oct/2017:02:38:47 -0700] "GET / HTTP/1.1" 301 485 "-" "Mozilla/5.0 (Windows NT 6.1; WOW64; rv:40.0) Gecko/20100101 Firefox/40.1"
203.0.113.168 - - [07/Oct/2017:02:38:47 -0700] "GET / HTTP/1.1" 200 11114 "-" "Mozilla/5.0 (Windows NT 6.1; WOW64; rv:40.0) Gecko/20100101 Firefox/40.1"
203.0.113.45 - - [07/Oct/2017:02:46:21 -0700] "GET /test/wp-login.php HTTP/1.1" 301 464 "-" "Mozilla/5.0 (Windows NT 6.1; Win64; x64) AppleWebKit/537.36 (KHTML, like Gecko) Chrome/61.0.3163.100 Safari/537.36"
203.0.113.45 - - [07/Oct/2017:02:46:26 -0700] "GET /test/wp-login.php HTTP/1.1" 404 502 "-" "Mozilla/5.0 (Windows NT 6.1; Win64; x64) AppleWebKit/537.36 (KHTML, like Gecko) Chrome/61.0.3163.100 Safari/537.36"
203.0.113.45 - - [07/Oct/2017:02:47:27 -0700] "GET /news/wp-login.php HTTP/1.1" 301 464 "-" "Mozilla/5.0 (Windows NT 6.1; Win64; x64) AppleWebKit/537.36 (KHTML, like Gecko) Chrome/61.0.3163.100 Safari/537.36"
203.0.113.45 - - [07/Oct/2017:02:47:27 -0700] "GET /news/wp-login.php HTTP/1.1" 404 502 "-" "Mozilla/5.0 (Windows NT 6.1; Win64; x64) AppleWebKit/537.36 (KHTML, like Gecko) Chrome/61.0.3163.100 Safari/537.36"
203.0.113.99 - - [07/Oct/2017:02:48:02 -0700] "GET /projects/ HTTP/1.1" 404 437 "-" "Mozilla/5.0 (compatible; AhrefsBot/5.2; +http://ahrefs.com/robot/)"
203.0.113.45 - - [07/Oct/2017:02:48:38 -0700] "GET /wordpress/wp-login.php HTTP/1.1" 404 507 "-" "Mozilla/5.0 (Windows NT 6.1; Win64; x64) AppleWebKit/537.36 (KHTML, like Gecko) Chrome/61.0.3163.100 Safari/537.36"
203.0.113.111 - - [07/Oct/2017:03:03:11 -0700] "GET /products/ HTTP/1.1" 301 476 "-" "Mozilla/5.0 (compatible; Baiduspider/2.0; +http://www.baidu.com/search/spider.html)"
203.0.113.43 - - [07/Oct/2017:03:03:12 -0700] "GET /products/ HTTP/1.1" 304 152 "-" "Mozilla/5.0 (compatible; Baiduspider/2.0; +http://www.baidu.com/search/spider.html)"
203.0.113.108 - - [07/Oct/2017:03:16:44 -0700] "GET /wp-login.php HTTP/1.1" 301 510 "-" "Mozilla/5.0 (Windows NT 6.1; WOW64; rv:40.0) Gecko/20100101 Firefox/40.1"
203.0.113.108 - - [07/Oct/2017:03:16:45 -0700] "GET /wp-login.php HTTP/1.1" 404 553 "-" "Mozilla/5.0 (Windows NT 6.1; WOW64; rv:40.0) Gecko/20100101 Firefox/40.1"
203.0.113.108 - - [07/Oct/2017:03:16:45 -0700] "GET / HTTP/1.1" 301 485 "-" "Mozilla/5.0 (Windows NT 6.1; WOW64; rv:40.0) Gecko/20100101 Firefox/40.1"
203.0.113.108 - - [07/Oct/2017:03:16:46 -0700] "GET / HTTP/1.1" 200 11114 "-" "Mozilla/5.0 (Windows NT 6.1; WOW64; rv:40.0) Gecko/20100101 Firefox/40.1"
203.0.113.45 - - [07/Oct/2017:03:19:16 -0700] "GET /new/wp-login.php HTTP/1.1" 404 501 "-" "Mozilla/5.0 (Windows NT 6.1; Win64; x64) AppleWebKit/537.36 (KHTML, like Gecko) Chrome/61.0.3163.100 Safari/537.36"
203.0.113.61 - - [07/Oct/2017:03:27:39 -0700] "GET /wp-login.php HTTP/1.1" 404 553 "-" "Mozilla/5.0 (Windows NT 6.1; WOW64; rv:40.0) Gecko/20100101 Firefox/40.1"
203.0.113.61 - - [07/Oct/2017:03:27:39 -0700] "GET / HTTP/1.1" 200 11114 "-" "Mozilla/5.0 (Windows NT 6.1; WOW64; rv:40.0) Gecko/20100101 Firefox/40.1"
203.0.113.113 - - [07/Oct/2017:03:32:27 -0700] "GET / HTTP/1.1" 200 3009 "-" "Mozilla/5.0 (compatible; Baiduspider/2.0; +http://www.baidu.com/search/spider.html)"
203.0.113.14 - - [07/Oct/2017:03:42:19 -0700] "GET /wp-login.php HTTP/1.1" 301 510 "-" "Mozilla/5.0 (Windows NT 6.1; WOW64; rv:40.0) Gecko/20100101 Firefox/40.1"
203.0.113.14 - - [07/Oct/2017:03:42:21 -0700] "GET /wp-login.php HTTP/1.1" 404 553 "-" "Mozilla/5.0 (Windows NT 6.1; WOW64; rv:40.0) Gecko/20100101 Firefox/40.1"
203.0.113.247 - - [07/Oct/2017:03:52:16 -0700] "GET /robots.txt HTTP/1.1" 404 495 "-" "Mozilla/5.0 (compatible; DotBot/1.1; http://www.opensiteexplorer.org/dotbot, help@moz.com)"
203.0.113.119 - - [07/Oct/2017:04:01:38 -0700] "GET /wp-login.php HTTP/1.1" 301 510 "-" "Mozilla/5.0 (Windows NT 6.1; WOW64; rv:40.0) Gecko/20100101 Firefox/40.1"
203.0.113.119 - - [07/Oct/2017:04:01:38 -0700] "GET /wp-login.php HTTP/1.1" 404 553 "-" "Mozilla/5.0 (Windows NT 6.1; WOW64; rv:40.0) Gecko/20100101 Firefox/40.1"
203.0.113.119 - - [07/Oct/2017:04:01:38 -0700] "GET / HTTP/1.1" 301 485 "-" "Mozilla/5.0 (Windows NT 6.1; WOW64; rv:40.0) Gecko/20100101 Firefox/40.1"
203.0.113.119 - - [07/Oct/2017:04:01:38 -0700] "GET / HTTP/1.1" 200 11114 "-" "Mozilla/5.0 (Windows NT 6.1; WOW64; rv:40.0) Gecko/20100101 Firefox/40.1"
203.0.113.45 - - [07/Oct/2017:04:07:02 -0700] "GET /site/wp-login.php HTTP/1.1" 404 502 "-" "Mozilla/5.0 (Windows NT 6.1; Win64; x64) AppleWebKit/537.36 (KHTML, like Gecko) Chrome/61.0.3163.100 Safari/537.36"
203.0.113.193 - - [07/Oct/2017:04:10:19 -0700] "GET /howto/level-up-awesomeness.html HTTP/1.1" 200 13006 "-" "Mozilla/5.0 (iPhone; CPU iPhone OS 11_0_1 like Mac OS X) AppleWebKit/604.1.38 (KHTML, like Gecko) Version/11.0 Mobile/15A402 Safari/604.1"
203.0.113.193 - - [07/Oct/2017:04:10:20 -0700] "GET /apple-touch-icon-120x120-precomposed.png HTTP/1.1" 404 516 "-" "MobileSafari/604.1 CFNetwork/887 Darwin/17.0.0"
203.0.113.193 - - [07/Oct/2017:04:10:20 -0700] "GET /apple-touch-icon-120x120.png HTTP/1.1" 404 507 "-" "MobileSafari/604.1 CFNetwork/887 Darwin/17.0.0"
203.0.113.193 - - [07/Oct/2017:04:10:20 -0700] "GET /apple-touch-icon-precomposed.png HTTP/1.1" 404 507 "-" "MobileSafari/604.1 CFNetwork/887 Darwin/17.0.0"
203.0.113.193 - - [07/Oct/2017:04:10:20 -0700] "GET /apple-touch-icon.png HTTP/1.1" 404 500 "-" "MobileSafari/604.1 CFNetwork/887 Darwin/17.0.0"
203.0.113.193 - - [07/Oct/2017:04:10:20 -0700] "GET /favicon.ico HTTP/1.1" 200 267 "-" "MobileSafari/604.1 CFNetwork/887 Darwin/17.0.0"
203.0.113.193 - - [07/Oct/2017:04:10:21 -0700] "GET /apple-touch-icon-120x120-precomposed.png HTTP/1.1" 404 515 "-" "MobileSafari/604.1 CFNetwork/887 Darwin/17.0.0"
203.0.113.193 - - [07/Oct/2017:04:10:21 -0700] "GET /apple-touch-icon-120x120.png HTTP/1.1" 404 507 "-" "MobileSafari/604.1 CFNetwork/887 Darwin/17.0.0"
203.0.113.193 - - [07/Oct/2017:04:10:21 -0700] "GET /apple-touch-icon-precomposed.png HTTP/1.1" 404 507 "-" "MobileSafari/604.1 CFNetwork/887 Darwin/17.0.0"
203.0.113.193 - - [07/Oct/2017:04:10:21 -0700] "GET /apple-touch-icon.png HTTP/1.1" 404 500 "-" "MobileSafari/604.1 CFNetwork/887 Darwin/17.0.0"
203.0.113.193 - - [07/Oct/2017:04:10:21 -0700] "GET /favicon.ico HTTP/1.1" 200 267 "-" "MobileSafari/604.1 CFNetwork/887 Darwin/17.0.0"
203.0.113.3 - - [07/Oct/2017:04:12:01 -0700] "GET /robots.txt HTTP/1.1" 301 489 "-" "Mozilla/5.0 (compatible; bingbot/2.0; +http://www.bing.com/bingbot.htm)"
203.0.113.3 - - [07/Oct/2017:04:12:01 -0700] "GET /robots.txt HTTP/1.1" 404 494 "-" "Mozilla/5.0 (compatible; bingbot/2.0; +http://www.bing.com/bingbot.htm)"
203.0.113.27 - - [07/Oct/2017:04:12:07 -0700] "GET /robots.txt HTTP/1.1" 301 489 "-" "Mozilla/5.0 (compatible; bingbot/2.0; +http://www.bing.com/bingbot.htm)"
203.0.113.27 - - [07/Oct/2017:04:12:11 -0700] "GET /robots.txt HTTP/1.1" 404 494 "-" "Mozilla/5.0 (compatible; bingbot/2.0; +http://www.bing.com/bingbot.htm)"
203.0.113.31 - - [07/Oct/2017:04:12:13 -0700] "GET /javascripts/application.js HTTP/1.1" 301 520 "-" "Mozilla/5.0 (iPhone; CPU iPhone OS 7_0 like Mac OS X) AppleWebKit/537.51.1 (KHTML, like Gecko) Version/7.0 Mobile/11A465 Safari/9537.53 (compatible; bingbot/2.0; +http://www.bing.com/bingbot.htm)"
203.0.113.121 - - [07/Oct/2017:04:12:14 -0700] "GET /stylesheets/site.css HTTP/1.1" 301 504 "-" "Mozilla/5.0 (iPhone; CPU iPhone OS 7_0 like Mac OS X) AppleWebKit/537.51.1 (KHTML, like Gecko) Version/7.0 Mobile/11A465 Safari/9537.53 (compatible; bingbot/2.0; +http://www.bing.com/bingbot.htm)"
203.0.113.31 - - [07/Oct/2017:04:12:18 -0700] "GET /javascripts/application.js HTTP/1.1" 200 2328 "-" "Mozilla/5.0 (iPhone; CPU iPhone OS 7_0 like Mac OS X) AppleWebKit/537.51.1 (KHTML, like Gecko) Version/7.0 Mobile/11A465 Safari/9537.53 (compatible; bingbot/2.0; +http://www.bing.com/bingbot.htm)"
203.0.113.121 - - [07/Oct/2017:04:12:19 -0700] "GET /stylesheets/site.css HTTP/1.1" 200 2655 "-" "Mozilla/5.0 (iPhone; CPU iPhone OS 7_0 like Mac OS X) AppleWebKit/537.51.1 (KHTML, like Gecko) Version/7.0 Mobile/11A465 Safari/9537.53 (compatible; bingbot/2.0; +http://www.bing.com/bingbot.htm)"
203.0.113.70 - - [07/Oct/2017:04:18:36 -0700] "GET / HTTP/1.1" 301 415 "-" "Mozilla/5.0 (Windows NT 10.0; Win64; x64) AppleWebKit/537.36 (KHTML, like Gecko) Chrome/56.0.2924.87 Safari/537.36"
203.0.113.70 - - [07/Oct/2017:04:18:41 -0700] "GET / HTTP/1.1" 200 2990 "-" "Mozilla/5.0 (Windows NT 10.0; Win64; x64) AppleWebKit/537.36 (KHTML, like Gecko) Chrome/56.0.2924.87 Safari/537.36"
203.0.113.27 - - [07/Oct/2017:04:20:12 -0700] "GET / HTTP/1.1" 200 3046 "-" "Mozilla/5.0 (compatible; bingbot/2.0; +http://www.bing.com/bingbot.htm)"
203.0.113.247 - - [07/Oct/2017:04:22:45 -0700] "GET /howto/achieve-the-possimpible/ HTTP/1.1" 200 8770 "-" "Mozilla/5.0 (compatible; DotBot/1.1; http://www.opensiteexplorer.org/dotbot, help@moz.com)"
203.0.113.6 - - [07/Oct/2017:04:24:57 -0700] "GET /wp-login.php HTTP/1.1" 404 553 "-" "Mozilla/5.0 (Windows NT 6.1; WOW64; rv:40.0) Gecko/20100101 Firefox/40.1"
203.0.113.6 - - [07/Oct/2017:04:24:57 -0700] "GET / HTTP/1.1" 200 11114 "-" "Mozilla/5.0 (Windows NT 6.1; WOW64; rv:40.0) Gecko/20100101 Firefox/40.1"
203.0.113.247 - - [07/Oct/2017:04:25:46 -0700] "GET /products/jabberwocky/features.html HTTP/1.1" 200 10631 "-" "Mozilla/5.0 (compatible; DotBot/1.1; http://www.opensiteexplorer.org/dotbot, help@moz.com)"
203.0.113.151 - - [07/Oct/2017:04:29:50 -0700] "GET / HTTP/1.1" 200 2990 "-" "Mozilla/5.0 (Windows NT 10.0; Win64; x64) AppleWebKit/537.36 (KHTML, like Gecko) Chrome/56.0.2924.87 Safari/537.36"
203.0.113.80 - - [07/Oct/2017:04:30:15 -0700] "GET /howto/level-up-awesomeness.html HTTP/1.1" 200 13006 "-" "Mozilla/5.0 (iPhone; CPU iPhone OS 7_0 like Mac OS X) AppleWebKit/537.51.1 (KHTML, like Gecko) Version/7.0 Mobile/11A465 Safari/9537.53 (compatible; bingbot/2.0; +http://www.bing.com/bingbot.htm)"
203.0.113.90 - - [07/Oct/2017:04:32:13 -0700] "GET /clients/faq.html HTTP/1.1" 404 447 "-" "Mozilla/5.0 (compatible; AhrefsBot/5.2; +http://ahrefs.com/robot/)"
203.0.113.45 - - [07/Oct/2017:04:34:51 -0700] "GET /en/wp-login.php HTTP/1.1" 301 460 "-" "Mozilla/5.0 (Windows NT 6.1; Win64; x64) AppleWebKit/537.36 (KHTML, like Gecko) Chrome/61.0.3163.100 Safari/537.36"
203.0.113.45 - - [07/Oct/2017:04:34:52 -0700] "GET /en/wp-login.php HTTP/1.1" 404 500 "-" "Mozilla/5.0 (Windows NT 6.1; Win64; x64) AppleWebKit/537.36 (KHTML, like Gecko) Chrome/61.0.3163.100 Safari/537.36"
203.0.113.228 - - [07/Oct/2017:04:44:36 -0700] "GET /robots.txt HTTP/1.0" 404 514 "-" "Mozilla/5.0 (compatible; Linux x86_64; Mail.RU_Bot/2.0; +http://go.mail.ru/help/robots)"
203.0.113.233 - - [07/Oct/2017:04:44:38 -0700] "GET /products/linkitivity/ HTTP/1.1" 200 1543 "-" "Mozilla/5.0 (compatible; Linux x86_64; Mail.RU_Bot/2.0; +http://go.mail.ru/help/robots)"
203.0.113.177 - - [07/Oct/2017:04:49:45 -0700] "GET /wp-login.php HTTP/1.1" 301 510 "-" "Mozilla/5.0 (Windows NT 6.1; WOW64; rv:40.0) Gecko/20100101 Firefox/40.1"
203.0.113.177 - - [07/Oct/2017:04:49:46 -0700] "GET /wp-login.php HTTP/1.1" 404 553 "-" "Mozilla/5.0 (Windows NT 6.1; WOW64; rv:40.0) Gecko/20100101 Firefox/40.1"
203.0.113.177 - - [07/Oct/2017:04:49:46 -0700] "GET / HTTP/1.1" 301 485 "-" "Mozilla/5.0 (Windows NT 6.1; WOW64; rv:40.0) Gecko/20100101 Firefox/40.1"
203.0.113.177 - - [07/Oct/2017:04:49:46 -0700] "GET / HTTP/1.1" 200 11114 "-" "Mozilla/5.0 (Windows NT 6.1; WOW64; rv:40.0) Gecko/20100101 Firefox/40.1"
203.0.113.45 - - [07/Oct/2017:04:52:52 -0700] "GET /test/wp-login.php HTTP/1.1" 404 502 "-" "Mozilla/5.0 (Windows NT 6.1; Win64; x64) AppleWebKit/537.36 (KHTML, like Gecko) Chrome/61.0.3163.100 Safari/537.36"
203.0.113.35 - - [07/Oct/2017:05:01:13 -0700] "GET /robots.txt HTTP/1.1" 301 489 "-" "Mozilla/5.0 (compatible; SiteExplorer/1.1b; +http://siteexplorer.info/Backlink-Checker-Spider/)"
203.0.113.35 - - [07/Oct/2017:05:01:43 -0700] "GET /robots.txt HTTP/1.1" 404 494 "-" "Mozilla/5.0 (compatible; SiteExplorer/1.1b; +http://siteexplorer.info/Backlink-Checker-Spider/)"
203.0.113.45 - - [07/Oct/2017:05:10:50 -0700] "GET /web/wp-login.php HTTP/1.1" 404 501 "-" "Mozilla/5.0 (Windows NT 6.1; Win64; x64) AppleWebKit/537.36 (KHTML, like Gecko) Chrome/61.0.3163.100 Safari/537.36"
203.0.113.173 - - [07/Oct/2017:05:16:33 -0700] "GET / HTTP/1.0" 301 449 "-" "-"
203.0.113.173 - - [07/Oct/2017:05:16:34 -0700] "GET / HTTP/1.0" 200 8760 "-" "-"
203.0.113.81 - - [07/Oct/2017:05:16:38 -0700] "GET / HTTP/1.1" 200 3046 "-" "Mozilla/5.0 (Windows NT 6.1; Trident/7.0; rv:11.0) like Gecko"
203.0.113.81 - - [07/Oct/2017:05:30:33 -0700] "GET /wp-login.php HTTP/1.1" 301 510 "-" "Mozilla/5.0 (Windows NT 6.1; WOW64; rv:40.0) Gecko/20100101 Firefox/40.1"
203.0.113.81 - - [07/Oct/2017:05:30:34 -0700] "GET /wp-login.php HTTP/1.1" 404 553 "-" "Mozilla/5.0 (Windows NT 6.1; WOW64; rv:40.0) Gecko/20100101 Firefox/40.1"
203.0.113.81 - - [07/Oct/2017:05:30:34 -0700] "GET / HTTP/1.1" 301 485 "-" "Mozilla/5.0 (Windows NT 6.1; WOW64; rv:40.0) Gecko/20100101 Firefox/40.1"
203.0.113.81 - - [07/Oct/2017:05:30:34 -0700] "GET / HTTP/1.1" 200 11114 "-" "Mozilla/5.0 (Windows NT 6.1; WOW64; rv:40.0) Gecko/20100101 Firefox/40.1"
203.0.113.46 - - [07/Oct/2017:05:45:23 -0700] "GET /wp-login.php HTTP/1.1" 301 510 "-" "Mozilla/5.0 (Windows NT 6.1; WOW64; rv:40.0) Gecko/20100101 Firefox/40.1"
203.0.113.46 - - [07/Oct/2017:05:45:23 -0700] "GET /wp-login.php HTTP/1.1" 404 553 "-" "Mozilla/5.0 (Windows NT 6.1; WOW64; rv:40.0) Gecko/20100101 Firefox/40.1"
203.0.113.46 - - [07/Oct/2017:05:45:24 -0700] "GET / HTTP/1.1" 301 485 "-" "Mozilla/5.0 (Windows NT 6.1; WOW64; rv:40.0) Gecko/20100101 Firefox/40.1"
203.0.113.46 - - [07/Oct/2017:05:45:24 -0700] "GET / HTTP/1.1" 200 11114 "-" "Mozilla/5.0 (Windows NT 6.1; WOW64; rv:40.0) Gecko/20100101 Firefox/40.1"
203.0.113.45 - - [07/Oct/2017:05:45:36 -0700] "GET /news/wp-login.php HTTP/1.1" 404 502 "-" "Mozilla/5.0 (Windows NT 6.1; Win64; x64) AppleWebKit/537.36 (KHTML, like Gecko) Chrome/61.0.3163.100 Safari/537.36"
203.0.113.5 - - [07/Oct/2017:05:50:39 -0700] "GET /stylesheets/site.css HTTP/1.1" 301 504 "http://blog.awesomeco.com/2016/07/03/results/" "Mozilla/5.0 (Windows NT 10.0; Win64; x64) AppleWebKit/537.36 (KHTML, like Gecko) Chrome/61.0.3163.100 Safari/537.36"
203.0.113.5 - - [07/Oct/2017:05:50:39 -0700] "GET /javascripts/application.js HTTP/1.1" 301 520 "http://blog.awesomeco.com/2016/07/03/results/" "Mozilla/5.0 (Windows NT 10.0; Win64; x64) AppleWebKit/537.36 (KHTML, like Gecko) Chrome/61.0.3163.100 Safari/537.36"
203.0.113.5 - - [07/Oct/2017:05:50:40 -0700] "GET /stylesheets/site.css HTTP/1.1" 200 2655 "http://blog.awesomeco.com/2016/07/03/results/" "Mozilla/5.0 (Windows NT 10.0; Win64; x64) AppleWebKit/537.36 (KHTML, like Gecko) Chrome/61.0.3163.100 Safari/537.36"
203.0.113.5 - - [07/Oct/2017:05:50:40 -0700] "GET /javascripts/application.js HTTP/1.1" 200 2328 "http://blog.awesomeco.com/2016/07/03/results/" "Mozilla/5.0 (Windows NT 10.0; Win64; x64) AppleWebKit/537.36 (KHTML, like Gecko) Chrome/61.0.3163.100 Safari/537.36"
203.0.113.5 - - [07/Oct/2017:05:50:40 -0700] "GET /images/awesomeco_logo.png HTTP/1.1" 301 505 "http://blog.awesomeco.com/2016/07/03/results/" "Mozilla/5.0 (Windows NT 10.0; Win64; x64) AppleWebKit/537.36 (KHTML, like Gecko) Chrome/61.0.3163.100 Safari/537.36"
203.0.113.5 - - [07/Oct/2017:05:50:40 -0700] "GET /images/header_gradient.png HTTP/1.1" 200 1311 "http://awesomeco.com/stylesheets/site.css" "Mozilla/5.0 (Windows NT 10.0; Win64; x64) AppleWebKit/537.36 (KHTML, like Gecko) Chrome/61.0.3163.100 Safari/537.36"
203.0.113.5 - - [07/Oct/2017:05:50:40 -0700] "GET /images/footer_tile.png HTTP/1.1" 200 387 "http://awesomeco.com/stylesheets/site.css" "Mozilla/5.0 (Windows NT 10.0; Win64; x64) AppleWebKit/537.36 (KHTML, like Gecko) Chrome/61.0.3163.100 Safari/537.36"
203.0.113.5 - - [07/Oct/2017:05:50:40 -0700] "GET /images/awesomeco_logo.png HTTP/1.1" 200 11883 "http://blog.awesomeco.com/2016/07/03/results/" "Mozilla/5.0 (Windows NT 10.0; Win64; x64) AppleWebKit/537.36 (KHTML, like Gecko) Chrome/61.0.3163.100 Safari/537.36"
203.0.113.230 - - [07/Oct/2017:05:55:30 -0700] "GET / HTTP/1.1" 301 449 "http://www.awesomejobs.info" "Mozilla/5.0 (X11; Linux x86_64) AppleWebKit/537.36 (KHTML, like Gecko) Chrome/46.0.2490.80 Safari/537.36"
203.0.113.244 - - [07/Oct/2017:05:56:58 -0700] "GET /robots.txt HTTP/1.1" 301 478 "-" "Mozilla/5.0 (compatible; Steeler/3.5; http://www.tkl.iis.u-tokyo.ac.jp/~crawler/)"
203.0.113.244 - - [07/Oct/2017:05:56:59 -0700] "GET / HTTP/1.1" 301 434 "http://cameronmoll.com/archives/2009/06/page_zooming_vs_text_scaling/" "Mozilla/5.0 (compatible; Steeler/3.5; http://www.tkl.iis.u-tokyo.ac.jp/~crawler/)"
203.0.113.16 - - [07/Oct/2017:05:57:28 -0700] "GET /howto/level-up-awesomeness.html HTTP/1.1" 301 513 "-" "Mozilla/5.0 (X11; Linux x86_64) AppleWebKit/537.36 (KHTML, like Gecko) Ubuntu Chromium/61.0.3163.79 Chrome/61.0.3163.79 Safari/537.36"
203.0.113.16 - - [07/Oct/2017:05:57:28 -0700] "GET /howto/level-up-awesomeness.html HTTP/1.1" 200 13006 "-" "Mozilla/5.0 (X11; Linux x86_64) AppleWebKit/537.36 (KHTML, like Gecko) Ubuntu Chromium/61.0.3163.79 Chrome/61.0.3163.79 Safari/537.36"
203.0.113.16 - - [07/Oct/2017:05:57:29 -0700] "GET /images/awesomeco_logo.png HTTP/1.1" 200 11883 "http://awesomeco.com/howto/level-up-awesomeness.html" "Mozilla/5.0 (X11; Linux x86_64) AppleWebKit/537.36 (KHTML, like Gecko) Ubuntu Chromium/61.0.3163.79 Chrome/61.0.3163.79 Safari/537.36"
203.0.113.16 - - [07/Oct/2017:05:57:29 -0700] "GET /stylesheets/site.css HTTP/1.1" 200 2654 "http://awesomeco.com/howto/level-up-awesomeness.html" "Mozilla/5.0 (X11; Linux x86_64) AppleWebKit/537.36 (KHTML, like Gecko) Ubuntu Chromium/61.0.3163.79 Chrome/61.0.3163.79 Safari/537.36"
203.0.113.16 - - [07/Oct/2017:05:57:29 -0700] "GET /javascripts/application.js HTTP/1.1" 200 2327 "http://awesomeco.com/howto/level-up-awesomeness.html" "Mozilla/5.0 (X11; Linux x86_64) AppleWebKit/537.36 (KHTML, like Gecko) Ubuntu Chromium/61.0.3163.79 Chrome/61.0.3163.79 Safari/537.36"
203.0.113.16 - - [07/Oct/2017:05:57:29 -0700] "GET /images/header_gradient.png HTTP/1.1" 200 1311 "http://awesomeco.com/stylesheets/site.css" "Mozilla/5.0 (X11; Linux x86_64) AppleWebKit/537.36 (KHTML, like Gecko) Ubuntu Chromium/61.0.3163.79 Chrome/61.0.3163.79 Safari/537.36"
203.0.113.16 - - [07/Oct/2017:05:57:29 -0700] "GET /images/footer_tile.png HTTP/1.1" 200 388 "http://awesomeco.com/stylesheets/site.css" "Mozilla/5.0 (X11; Linux x86_64) AppleWebKit/537.36 (KHTML, like Gecko) Ubuntu Chromium/61.0.3163.79 Chrome/61.0.3163.79 Safari/537.36"
203.0.113.16 - - [07/Oct/2017:05:57:29 -0700] "GET /favicon.ico HTTP/1.1" 200 267 "http://awesomeco.com/howto/level-up-awesomeness.html" "Mozilla/5.0 (X11; Linux x86_64) AppleWebKit/537.36 (KHTML, like Gecko) Ubuntu Chromium/61.0.3163.79 Chrome/61.0.3163.79 Safari/537.36"
203.0.113.159 - - [07/Oct/2017:05:57:52 -0700] "GET /howto/level-up-awesomeness.html HTTP/1.1" 200 13006 "-" "Mozilla/5.0 (iPhone; CPU iPhone OS 11_0_2 like Mac OS X) AppleWebKit/604.1.38 (KHTML, like Gecko) Version/11.0 Mobile/15A421 Safari/604.1"
203.0.113.159 - - [07/Oct/2017:05:57:52 -0700] "GET /apple-touch-icon-120x120-precomposed.png HTTP/1.1" 404 516 "-" "MobileSafari/604.1 CFNetwork/887 Darwin/17.0.0"
203.0.113.159 - - [07/Oct/2017:05:57:53 -0700] "GET /apple-touch-icon-120x120.png HTTP/1.1" 404 507 "-" "MobileSafari/604.1 CFNetwork/887 Darwin/17.0.0"
203.0.113.159 - - [07/Oct/2017:05:57:53 -0700] "GET /apple-touch-icon-precomposed.png HTTP/1.1" 404 507 "-" "MobileSafari/604.1 CFNetwork/887 Darwin/17.0.0"
203.0.113.159 - - [07/Oct/2017:05:57:53 -0700] "GET /apple-touch-icon.png HTTP/1.1" 404 500 "-" "MobileSafari/604.1 CFNetwork/887 Darwin/17.0.0"
203.0.113.159 - - [07/Oct/2017:05:57:53 -0700] "GET /favicon.ico HTTP/1.1" 200 267 "-" "MobileSafari/604.1 CFNetwork/887 Darwin/17.0.0"
203.0.113.159 - - [07/Oct/2017:05:57:53 -0700] "GET /apple-touch-icon-120x120-precomposed.png HTTP/1.1" 404 515 "-" "MobileSafari/604.1 CFNetwork/887 Darwin/17.0.0"
203.0.113.159 - - [07/Oct/2017:05:57:53 -0700] "GET /apple-touch-icon-120x120.png HTTP/1.1" 404 507 "-" "MobileSafari/604.1 CFNetwork/887 Darwin/17.0.0"
203.0.113.159 - - [07/Oct/2017:05:57:54 -0700] "GET /apple-touch-icon-precomposed.png HTTP/1.1" 404 507 "-" "MobileSafari/604.1 CFNetwork/887 Darwin/17.0.0"
203.0.113.159 - - [07/Oct/2017:05:57:54 -0700] "GET /apple-touch-icon.png HTTP/1.1" 404 500 "-" "MobileSafari/604.1 CFNetwork/887 Darwin/17.0.0"
203.0.113.159 - - [07/Oct/2017:05:57:54 -0700] "GET /favicon.ico HTTP/1.1" 200 267 "-" "MobileSafari/604.1 CFNetwork/887 Darwin/17.0.0"
203.0.113.45 - - [07/Oct/2017:05:59:10 -0700] "GET /en/wp-login.php HTTP/1.1" 404 500 "-" "Mozilla/5.0 (Windows NT 6.1; Win64; x64) AppleWebKit/537.36 (KHTML, like Gecko) Chrome/61.0.3163.100 Safari/537.36"
203.0.113.45 - - [07/Oct/2017:06:07:09 -0700] "GET /main/wp-login.php HTTP/1.1" 404 502 "-" "Mozilla/5.0 (Windows NT 6.1; Win64; x64) AppleWebKit/537.36 (KHTML, like Gecko) Chrome/61.0.3163.100 Safari/537.36"
203.0.113.201 - - [07/Oct/2017:06:15:03 -0700] "GET /wp-login.php HTTP/1.1" 301 510 "-" "Mozilla/5.0 (Windows NT 6.1; WOW64; rv:40.0) Gecko/20100101 Firefox/40.1"
203.0.113.201 - - [07/Oct/2017:06:15:04 -0700] "GET /wp-login.php HTTP/1.1" 404 553 "-" "Mozilla/5.0 (Windows NT 6.1; WOW64; rv:40.0) Gecko/20100101 Firefox/40.1"
203.0.113.201 - - [07/Oct/2017:06:15:04 -0700] "GET / HTTP/1.1" 301 485 "-" "Mozilla/5.0 (Windows NT 6.1; WOW64; rv:40.0) Gecko/20100101 Firefox/40.1"
203.0.113.201 - - [07/Oct/2017:06:15:04 -0700] "GET / HTTP/1.1" 200 11114 "-" "Mozilla/5.0 (Windows NT 6.1; WOW64; rv:40.0) Gecko/20100101 Firefox/40.1"
203.0.113.45 - - [07/Oct/2017:06:16:18 -0700] "GET /site/wp-login.php HTTP/1.1" 301 464 "-" "Mozilla/5.0 (Windows NT 6.1; Win64; x64) AppleWebKit/537.36 (KHTML, like Gecko) Chrome/61.0.3163.100 Safari/537.36"
203.0.113.45 - - [07/Oct/2017:06:16:18 -0700] "GET /site/wp-login.php HTTP/1.1" 404 502 "-" "Mozilla/5.0 (Windows NT 6.1; Win64; x64) AppleWebKit/537.36 (KHTML, like Gecko) Chrome/61.0.3163.100 Safari/537.36"
203.0.113.46 - - [07/Oct/2017:06:17:47 -0700] "GET /wp-login.php HTTP/1.1" 301 510 "-" "Mozilla/5.0 (Windows NT 6.1; WOW64; rv:40.0) Gecko/20100101 Firefox/40.1"
203.0.113.46 - - [07/Oct/2017:06:17:47 -0700] "GET /wp-login.php HTTP/1.1" 404 553 "-" "Mozilla/5.0 (Windows NT 6.1; WOW64; rv:40.0) Gecko/20100101 Firefox/40.1"
203.0.113.46 - - [07/Oct/2017:06:17:48 -0700] "GET / HTTP/1.1" 301 485 "-" "Mozilla/5.0 (Windows NT 6.1; WOW64; rv:40.0) Gecko/20100101 Firefox/40.1"
203.0.113.46 - - [07/Oct/2017:06:17:48 -0700] "GET / HTTP/1.1" 200 11114 "-" "Mozilla/5.0 (Windows NT 6.1; WOW64; rv:40.0) Gecko/20100101 Firefox/40.1"
203.0.113.45 - - [07/Oct/2017:06:17:52 -0700] "GET /home/wp-login.php HTTP/1.1" 404 502 "-" "Mozilla/5.0 (Windows NT 6.1; Win64; x64) AppleWebKit/537.36 (KHTML, like Gecko) Chrome/61.0.3163.100 Safari/537.36"
203.0.113.127 - - [07/Oct/2017:06:18:02 -0700] "GET /products/linkitivity/ HTTP/1.1" 200 2341 "-" "Mozilla/5.0 (iPhone; CPU iPhone OS 10_3_3 like Mac OS X) AppleWebKit/603.3.8 (KHTML, like Gecko) Version/10.0 Mobile/14G60 Safari/602.1"
203.0.113.127 - - [07/Oct/2017:06:18:03 -0700] "GET /apple-touch-icon-120x120-precomposed.png HTTP/1.1" 404 516 "-" "MobileSafari/602.1 CFNetwork/811.5.4 Darwin/16.7.0"
203.0.113.127 - - [07/Oct/2017:06:18:03 -0700] "GET /apple-touch-icon-120x120.png HTTP/1.1" 404 507 "-" "MobileSafari/602.1 CFNetwork/811.5.4 Darwin/16.7.0"
203.0.113.127 - - [07/Oct/2017:06:18:03 -0700] "GET /apple-touch-icon-precomposed.png HTTP/1.1" 404 507 "-" "MobileSafari/602.1 CFNetwork/811.5.4 Darwin/16.7.0"
203.0.113.127 - - [07/Oct/2017:06:18:03 -0700] "GET /apple-touch-icon.png HTTP/1.1" 404 500 "-" "MobileSafari/602.1 CFNetwork/811.5.4 Darwin/16.7.0"
203.0.113.127 - - [07/Oct/2017:06:18:03 -0700] "GET /favicon.ico HTTP/1.1" 200 267 "-" "MobileSafari/602.1 CFNetwork/811.5.4 Darwin/16.7.0"
203.0.113.127 - - [07/Oct/2017:06:18:03 -0700] "GET /apple-touch-icon-120x120-precomposed.png HTTP/1.1" 404 515 "-" "MobileSafari/602.1 CFNetwork/811.5.4 Darwin/16.7.0"
203.0.113.127 - - [07/Oct/2017:06:18:03 -0700] "GET /apple-touch-icon-120x120.png HTTP/1.1" 404 507 "-" "MobileSafari/602.1 CFNetwork/811.5.4 Darwin/16.7.0"
203.0.113.127 - - [07/Oct/2017:06:18:04 -0700] "GET /apple-touch-icon-precomposed.png HTTP/1.1" 404 507 "-" "MobileSafari/602.1 CFNetwork/811.5.4 Darwin/16.7.0"
203.0.113.127 - - [07/Oct/2017:06:18:04 -0700] "GET /apple-touch-icon.png HTTP/1.1" 404 500 "-" "MobileSafari/602.1 CFNetwork/811.5.4 Darwin/16.7.0"
203.0.113.127 - - [07/Oct/2017:06:18:04 -0700] "GET /favicon.ico HTTP/1.1" 200 267 "-" "MobileSafari/602.1 CFNetwork/811.5.4 Darwin/16.7.0"
203.0.113.45 - - [07/Oct/2017:06:30:15 -0700] "GET /wp-login.php HTTP/1.1" 301 454 "-" "Mozilla/5.0 (Windows NT 6.1; Win64; x64) AppleWebKit/537.36 (KHTML, like Gecko) Chrome/61.0.3163.100 Safari/537.36"
203.0.113.45 - - [07/Oct/2017:06:30:16 -0700] "GET /wp-login.php HTTP/1.1" 404 497 "-" "Mozilla/5.0 (Windows NT 6.1; Win64; x64) AppleWebKit/537.36 (KHTML, like Gecko) Chrome/61.0.3163.100 Safari/537.36"
203.0.113.254 - - [07/Oct/2017:06:32:54 -0700] "GET /wp-login.php HTTP/1.1" 301 510 "-" "Mozilla/5.0 (Windows NT 6.1; WOW64; rv:40.0) Gecko/20100101 Firefox/40.1"
203.0.113.254 - - [07/Oct/2017:06:32:54 -0700] "GET /wp-login.php HTTP/1.1" 404 553 "-" "Mozilla/5.0 (Windows NT 6.1; WOW64; rv:40.0) Gecko/20100101 Firefox/40.1"
203.0.113.254 - - [07/Oct/2017:06:32:55 -0700] "GET / HTTP/1.1" 301 485 "-" "Mozilla/5.0 (Windows NT 6.1; WOW64; rv:40.0) Gecko/20100101 Firefox/40.1"
203.0.113.254 - - [07/Oct/2017:06:32:55 -0700] "GET / HTTP/1.1" 200 11114 "-" "Mozilla/5.0 (Windows NT 6.1; WOW64; rv:40.0) Gecko/20100101 Firefox/40.1"
203.0.113.112 - - [07/Oct/2017:06:36:36 -0700] "GET /wp-login.php HTTP/1.1" 301 510 "-" "Mozilla/5.0 (Windows NT 6.1; WOW64; rv:40.0) Gecko/20100101 Firefox/40.1"
203.0.113.112 - - [07/Oct/2017:06:36:36 -0700] "GET /wp-login.php HTTP/1.1" 404 553 "-" "Mozilla/5.0 (Windows NT 6.1; WOW64; rv:40.0) Gecko/20100101 Firefox/40.1"
203.0.113.112 - - [07/Oct/2017:06:36:36 -0700] "GET / HTTP/1.1" 301 485 "-" "Mozilla/5.0 (Windows NT 6.1; WOW64; rv:40.0) Gecko/20100101 Firefox/40.1"
203.0.113.112 - - [07/Oct/2017:06:36:36 -0700] "GET / HTTP/1.1" 200 11114 "-" "Mozilla/5.0 (Windows NT 6.1; WOW64; rv:40.0) Gecko/20100101 Firefox/40.1"
203.0.113.153 - - [07/Oct/2017:06:37:11 -0700] "GET /wp-login.php HTTP/1.1" 301 510 "-" "Mozilla/5.0 (Windows NT 6.1; WOW64; rv:40.0) Gecko/20100101 Firefox/40.1"
203.0.113.153 - - [07/Oct/2017:06:37:12 -0700] "GET /wp-login.php HTTP/1.1" 404 553 "-" "Mozilla/5.0 (Windows NT 6.1; WOW64; rv:40.0) Gecko/20100101 Firefox/40.1"
203.0.113.153 - - [07/Oct/2017:06:37:13 -0700] "GET / HTTP/1.1" 301 485 "-" "Mozilla/5.0 (Windows NT 6.1; WOW64; rv:40.0) Gecko/20100101 Firefox/40.1"
203.0.113.153 - - [07/Oct/2017:06:37:13 -0700] "GET / HTTP/1.1" 200 11114 "-" "Mozilla/5.0 (Windows NT 6.1; WOW64; rv:40.0) Gecko/20100101 Firefox/40.1"
203.0.113.45 - - [07/Oct/2017:06:46:12 -0700] "GET /wordpress/wp-login.php HTTP/1.1" 301 474 "-" "Mozilla/5.0 (Windows NT 6.1; Win64; x64) AppleWebKit/537.36 (KHTML, like Gecko) Chrome/61.0.3163.100 Safari/537.36"
203.0.113.45 - - [07/Oct/2017:06:46:12 -0700] "GET /wordpress/wp-login.php HTTP/1.1" 404 507 "-" "Mozilla/5.0 (Windows NT 6.1; Win64; x64) AppleWebKit/537.36 (KHTML, like Gecko) Chrome/61.0.3163.100 Safari/537.36"
203.0.113.157 - - [07/Oct/2017:06:50:30 -0700] "GET /wp-login.php HTTP/1.1" 301 510 "-" "Mozilla/5.0 (Windows NT 6.1; WOW64; rv:40.0) Gecko/20100101 Firefox/40.1"
203.0.113.157 - - [07/Oct/2017:06:50:30 -0700] "GET /wp-login.php HTTP/1.1" 404 553 "-" "Mozilla/5.0 (Windows NT 6.1; WOW64; rv:40.0) Gecko/20100101 Firefox/40.1"
203.0.113.157 - - [07/Oct/2017:06:50:31 -0700] "GET / HTTP/1.1" 301 486 "-" "Mozilla/5.0 (Windows NT 6.1; WOW64; rv:40.0) Gecko/20100101 Firefox/40.1"
203.0.113.157 - - [07/Oct/2017:06:50:31 -0700] "GET / HTTP/1.1" 304 189 "-" "Mozilla/5.0 (Windows NT 6.1; WOW64; rv:40.0) Gecko/20100101 Firefox/40.1"
203.0.113.118 - - [07/Oct/2017:06:56:43 -0700] "GET /robots.txt HTTP/1.0" 404 514 "-" "Mozilla/5.0 (compatible; MSIE 9.0; Windows NT 6.0; Trident/5.0; SLCC1; .NET CLR 2.0.50727; Media Center PC 5.0; .NET CLR 3.5.30729; .NET4.0C; .NET CLR 3.0.30729; .NET4.0E)"
203.0.113.32 - - [07/Oct/2017:06:57:43 -0700] "GET /howto/level-up-awesomeness.html HTTP/1.1" 301 513 "-" "Mozilla/5.0 (iPhone; CPU iPhone OS 11_0_2 like Mac OS X) AppleWebKit/604.1.38 (KHTML, like Gecko) Version/11.0 Mobile/15A421 Safari/604.1"
203.0.113.32 - - [07/Oct/2017:06:57:43 -0700] "GET /howto/level-up-awesomeness.html HTTP/1.1" 200 13006 "-" "Mozilla/5.0 (iPhone; CPU iPhone OS 11_0_2 like Mac OS X) AppleWebKit/604.1.38 (KHTML, like Gecko) Version/11.0 Mobile/15A421 Safari/604.1"
203.0.113.32 - - [07/Oct/2017:06:57:44 -0700] "GET /apple-touch-icon-120x120-precomposed.png HTTP/1.1" 404 516 "-" "MobileSafari/604.1 CFNetwork/887 Darwin/17.0.0"
203.0.113.32 - - [07/Oct/2017:06:57:45 -0700] "GET /apple-touch-icon-120x120.png HTTP/1.1" 404 507 "-" "MobileSafari/604.1 CFNetwork/887 Darwin/17.0.0"
203.0.113.32 - - [07/Oct/2017:06:57:45 -0700] "GET /apple-touch-icon-precomposed.png HTTP/1.1" 404 507 "-" "MobileSafari/604.1 CFNetwork/887 Darwin/17.0.0"
203.0.113.32 - - [07/Oct/2017:06:57:45 -0700] "GET /apple-touch-icon.png HTTP/1.1" 404 500 "-" "MobileSafari/604.1 CFNetwork/887 Darwin/17.0.0"
203.0.113.32 - - [07/Oct/2017:06:57:45 -0700] "GET /favicon.ico HTTP/1.1" 200 267 "-" "MobileSafari/604.1 CFNetwork/887 Darwin/17.0.0"
203.0.113.32 - - [07/Oct/2017:06:57:45 -0700] "GET /apple-touch-icon-120x120-precomposed.png HTTP/1.1" 404 515 "-" "MobileSafari/604.1 CFNetwork/887 Darwin/17.0.0"
203.0.113.32 - - [07/Oct/2017:06:57:45 -0700] "GET /apple-touch-icon-120x120.png HTTP/1.1" 404 507 "-" "MobileSafari/604.1 CFNetwork/887 Darwin/17.0.0"
203.0.113.32 - - [07/Oct/2017:06:57:45 -0700] "GET /apple-touch-icon-precomposed.png HTTP/1.1" 404 507 "-" "MobileSafari/604.1 CFNetwork/887 Darwin/17.0.0"
203.0.113.32 - - [07/Oct/2017:06:57:45 -0700] "GET /apple-touch-icon.png HTTP/1.1" 404 500 "-" "MobileSafari/604.1 CFNetwork/887 Darwin/17.0.0"
203.0.113.32 - - [07/Oct/2017:06:57:45 -0700] "GET /favicon.ico HTTP/1.1" 200 267 "-" "MobileSafari/604.1 CFNetwork/887 Darwin/17.0.0"
203.0.113.45 - - [07/Oct/2017:06:59:00 -0700] "GET /wp-login.php HTTP/1.1" 404 497 "-" "Mozilla/5.0 (Windows NT 6.1; Win64; x64) AppleWebKit/537.36 (KHTML, like Gecko) Chrome/61.0.3163.100 Safari/537.36"
203.0.113.8 - - [07/Oct/2017:06:59:16 -0700] "GET /robots.txt HTTP/1.0" 404 514 "-" "Mozilla/5.0 (compatible; MSIE 10.0; Windows NT 6.1; Trident/6.0; SLCC2; .NET CLR 2.0.50727; .NET CLR 3.5.30729; .NET CLR 3.0.30729; Media Center PC 6.0; InfoPath.2; .NET4.0C; BRI/2)"
203.0.113.161 - - [07/Oct/2017:07:04:56 -0700] "GET /images/products/?C=M;O=D HTTP/1.1" 200 508 "-" "Mozilla/5.0 (compatible; Baiduspider/2.0; +http://www.baidu.com/search/spider.html)"
203.0.113.45 - - [07/Oct/2017:07:13:50 -0700] "GET /blogs/wp-login.php HTTP/1.1" 404 503 "-" "Mozilla/5.0 (Windows NT 6.1; Win64; x64) AppleWebKit/537.36 (KHTML, like Gecko) Chrome/61.0.3163.100 Safari/537.36"
203.0.113.45 - - [07/Oct/2017:07:14:00 -0700] "GET /home/wp-login.php HTTP/1.1" 301 464 "-" "Mozilla/5.0 (Windows NT 6.1; Win64; x64) AppleWebKit/537.36 (KHTML, like Gecko) Chrome/61.0.3163.100 Safari/537.36"
203.0.113.45 - - [07/Oct/2017:07:14:00 -0700] "GET /home/wp-login.php HTTP/1.1" 404 502 "-" "Mozilla/5.0 (Windows NT 6.1; Win64; x64) AppleWebKit/537.36 (KHTML, like Gecko) Chrome/61.0.3163.100 Safari/537.36"
203.0.113.198 - - [07/Oct/2017:07:14:22 -0700] "GET / HTTP/1.1" 301 415 "-" "Mozilla/5.0 (Windows NT 10.0; Win64; x64) AppleWebKit/537.36 (KHTML, like Gecko) Chrome/56.0.2924.87 Safari/537.36"
203.0.113.198 - - [07/Oct/2017:07:14:23 -0700] "GET / HTTP/1.1" 200 2990 "-" "Mozilla/5.0 (Windows NT 10.0; Win64; x64) AppleWebKit/537.36 (KHTML, like Gecko) Chrome/56.0.2924.87 Safari/537.36"
203.0.113.45 - - [07/Oct/2017:07:14:23 -0700] "GET /web/wp-login.php HTTP/1.1" 301 462 "-" "Mozilla/5.0 (Windows NT 6.1; Win64; x64) AppleWebKit/537.36 (KHTML, like Gecko) Chrome/61.0.3163.100 Safari/537.36"
203.0.113.45 - - [07/Oct/2017:07:14:23 -0700] "GET /web/wp-login.php HTTP/1.1" 404 501 "-" "Mozilla/5.0 (Windows NT 6.1; Win64; x64) AppleWebKit/537.36 (KHTML, like Gecko) Chrome/61.0.3163.100 Safari/537.36"
203.0.113.25 - - [07/Oct/2017:07:14:25 -0700] "GET /customer HTTP/1.1" 301 448 "-" "Mozilla/5.0 (compatible; Baiduspider/2.0; +http://www.baidu.com/search/spider.html)"
203.0.113.140 - - [07/Oct/2017:07:14:25 -0700] "GET /customer HTTP/1.1" 301 475 "-" "Mozilla/5.0 (compatible; Baiduspider/2.0; +http://www.baidu.com/search/spider.html)"
203.0.113.28 - - [07/Oct/2017:07:14:26 -0700] "GET /customer/ HTTP/1.1" 200 1517 "-" "Mozilla/5.0 (compatible; Baiduspider/2.0; +http://www.baidu.com/search/spider.html)"
203.0.113.80 - - [07/Oct/2017:07:15:05 -0700] "GET /products/jabberwocky/faq.html HTTP/1.1" 200 6196 "-" "Mozilla/5.0 (iPhone; CPU iPhone OS 7_0 like Mac OS X) AppleWebKit/537.51.1 (KHTML, like Gecko) Version/7.0 Mobile/11A465 Safari/9537.53 (compatible; bingbot/2.0; +http://www.bing.com/bingbot.htm)"
203.0.113.167 - - [07/Oct/2017:07:25:44 -0700] "GET / HTTP/1.1" 200 2990 "-" "Mozilla/5.0 (Windows NT 10.0; Win64; x64) AppleWebKit/537.36 (KHTML, like Gecko) Chrome/56.0.2924.87 Safari/537.36"
203.0.113.58 - - [07/Oct/2017:07:40:23 -0700] "GET /wp-login.php HTTP/1.1" 301 510 "-" "Mozilla/5.0 (Windows NT 6.1; WOW64; rv:40.0) Gecko/20100101 Firefox/40.1"
203.0.113.58 - - [07/Oct/2017:07:40:24 -0700] "GET /wp-login.php HTTP/1.1" 404 553 "-" "Mozilla/5.0 (Windows NT 6.1; WOW64; rv:40.0) Gecko/20100101 Firefox/40.1"
203.0.113.58 - - [07/Oct/2017:07:40:24 -0700] "GET / HTTP/1.1" 301 485 "-" "Mozilla/5.0 (Windows NT 6.1; WOW64; rv:40.0) Gecko/20100101 Firefox/40.1"
203.0.113.58 - - [07/Oct/2017:07:40:25 -0700] "GET / HTTP/1.1" 200 11114 "-" "Mozilla/5.0 (Windows NT 6.1; WOW64; rv:40.0) Gecko/20100101 Firefox/40.1"
203.0.113.45 - - [07/Oct/2017:07:44:29 -0700] "GET /main/wp-login.php HTTP/1.1" 301 464 "-" "Mozilla/5.0 (Windows NT 6.1; Win64; x64) AppleWebKit/537.36 (KHTML, like Gecko) Chrome/61.0.3163.100 Safari/537.36"
203.0.113.45 - - [07/Oct/2017:07:44:29 -0700] "GET /main/wp-login.php HTTP/1.1" 404 502 "-" "Mozilla/5.0 (Windows NT 6.1; Win64; x64) AppleWebKit/537.36 (KHTML, like Gecko) Chrome/61.0.3163.100 Safari/537.36"
203.0.113.46 - - [07/Oct/2017:07:45:14 -0700] "GET /wp-login.php HTTP/1.1" 301 510 "-" "Mozilla/5.0 (Windows NT 6.1; WOW64; rv:40.0) Gecko/20100101 Firefox/40.1"
203.0.113.46 - - [07/Oct/2017:07:45:14 -0700] "GET /wp-login.php HTTP/1.1" 404 553 "-" "Mozilla/5.0 (Windows NT 6.1; WOW64; rv:40.0) Gecko/20100101 Firefox/40.1"
203.0.113.46 - - [07/Oct/2017:07:45:15 -0700] "GET / HTTP/1.1" 301 485 "-" "Mozilla/5.0 (Windows NT 6.1; WOW64; rv:40.0) Gecko/20100101 Firefox/40.1"
203.0.113.46 - - [07/Oct/2017:07:45:15 -0700] "GET / HTTP/1.1" 200 11114 "-" "Mozilla/5.0 (Windows NT 6.1; WOW64; rv:40.0) Gecko/20100101 Firefox/40.1"
203.0.113.45 - - [07/Oct/2017:07:57:16 -0700] "GET /blog/wp-login.php HTTP/1.1" 301 464 "-" "Mozilla/5.0 (Windows NT 6.1; Win64; x64) AppleWebKit/537.36 (KHTML, like Gecko) Chrome/61.0.3163.100 Safari/537.36"
203.0.113.45 - - [07/Oct/2017:07:57:17 -0700] "GET /blog/wp-login.php HTTP/1.1" 404 502 "-" "Mozilla/5.0 (Windows NT 6.1; Win64; x64) AppleWebKit/537.36 (KHTML, like Gecko) Chrome/61.0.3163.100 Safari/537.36"
203.0.113.231 - - [07/Oct/2017:07:57:43 -0700] "GET /wp-login.php HTTP/1.1" 301 510 "-" "Mozilla/5.0 (Windows NT 6.1; WOW64; rv:40.0) Gecko/20100101 Firefox/40.1"
203.0.113.231 - - [07/Oct/2017:07:57:45 -0700] "GET /wp-login.php HTTP/1.1" 404 553 "-" "Mozilla/5.0 (Windows NT 6.1; WOW64; rv:40.0) Gecko/20100101 Firefox/40.1"
203.0.113.231 - - [07/Oct/2017:07:57:45 -0700] "GET / HTTP/1.1" 301 485 "-" "Mozilla/5.0 (Windows NT 6.1; WOW64; rv:40.0) Gecko/20100101 Firefox/40.1"
203.0.113.231 - - [07/Oct/2017:07:57:45 -0700] "GET / HTTP/1.1" 200 11114 "-" "Mozilla/5.0 (Windows NT 6.1; WOW64; rv:40.0) Gecko/20100101 Firefox/40.1"
203.0.113.29 - - [07/Oct/2017:08:11:36 -0700] "GET /resources/handbook HTTP/1.1" 301 480 "-" "Mozilla/5.0 (compatible; Baiduspider/2.0; +http://www.baidu.com/search/spider.html)"
